---
source: crates/cli/tests/doctor_snapshot.rs
expression: norm
---
OK   markadd doctor
path: <CFG>
profile: default
vault_root: /tmp/v
templates_dir: /tmp/v/.markadd/templates
captures_dir: /tmp/v/.markadd/captures
macros_dir: /tmp/v/.markadd/macros
security.allow_shell: false
security.allow_http:  false
